#-----------------------------------------------------------
# Vivado v2019.2 (64-bit)
# SW Build 2708876 on Wed Nov  6 21:40:23 MST 2019
# IP Build 2700528 on Thu Nov  7 00:09:20 MST 2019
# Start of session at: Fri May 16 16:14:27 2025
# Process ID: 17984
# Current directory: Y:/Code/Digital_Design_MCU/Count_down/prj/Count_down
# Command line: vivado.exe -gui_launcher_event rodinguilauncherevent18672 Y:\Code\Digital_Design_MCU\Count_down\prj\Count_down\Count_down.xpr
# Log file: Y:/Code/Digital_Design_MCU/Count_down/prj/Count_down/vivado.log
# Journal file: Y:/Code/Digital_Design_MCU/Count_down/prj/Count_down\vivado.jou
#-----------------------------------------------------------
start_gui
open_project Y:/Code/Digital_Design_MCU/Count_down/prj/Count_down/Count_down.xpr
update_compile_order -fileset sources_1
open_hw_manager
connect_hw_server -allow_non_jtag
disconnect_hw_server localhost:3121
connect_hw_server -allow_non_jtag
open_hw_target
set_property PROGRAM.FILE {Y:/Code/Digital_Design_MCU/Count_down/prj/Count_down/Count_down.runs/impl_1/top_countdown.bit} [get_hw_devices xc7a35t_0]
current_hw_device [get_hw_devices xc7a35t_0]
refresh_hw_device -update_hw_probes false [lindex [get_hw_devices xc7a35t_0] 0]
set_property PROBES.FILE {} [get_hw_devices xc7a35t_0]
set_property FULL_PROBES.FILE {} [get_hw_devices xc7a35t_0]
set_property PROGRAM.FILE {Y:/Code/Digital_Design_MCU/Count_down/prj/Count_down/Count_down.runs/impl_1/top_countdown.bit} [get_hw_devices xc7a35t_0]
program_hw_devices [get_hw_devices xc7a35t_0]
refresh_hw_device [lindex [get_hw_devices xc7a35t_0] 0]
close_project
create_project ALU_gate_32bits Y:/Code/Digital_Design_MCU/ALU_gate/prj/ALU_gate_32bits -part xc7a35tcpg236-1
set_property compxlib.modelsim_compiled_library_dir E:/modeltech64_2020.4/vivado2019.2_lib [current_project]
add_files -norecurse {Y:/Code/Digital_Design_MCU/ALU_gate/rtl/ALU_top.v Y:/Code/Digital_Design_MCU/ALU_gate/rtl/mux4_1.v Y:/Code/Digital_Design_MCU/ALU_gate/rtl/full_adder.v}
update_compile_order -fileset sources_1
update_compile_order -fileset sources_1
launch_runs synth_1 -jobs 12
wait_on_run synth_1
open_run synth_1 -name synth_1
set_property target_simulator ModelSim [current_project]
set_property SOURCE_SET sources_1 [get_filesets sim_1]
add_files -fileset sim_1 -norecurse Y:/Code/Digital_Design_MCU/ALU_gate/sim/tb.v
update_compile_order -fileset sim_1
launch_simulation -install_path E:/modeltech64_2020.4/win64
update_compile_order -fileset sim_1
launch_simulation -install_path E:/modeltech64_2020.4/win64
launch_simulation -install_path E:/modeltech64_2020.4/win64
launch_simulation -install_path E:/modeltech64_2020.4/win64
