#-----------------------------------------------------------
# Vivado v2019.2 (64-bit)
# SW Build 2708876 on Wed Nov  6 21:40:23 MST 2019
# IP Build 2700528 on Thu Nov  7 00:09:20 MST 2019
# Start of session at: Thu May 15 21:55:45 2025
# Process ID: 25348
# Current directory: F:/vivado-project/ALU/prj/ALU
# Command line: vivado.exe -gui_launcher_event rodinguilauncherevent25264 F:\vivado-project\ALU\prj\ALU\ALU.xpr
# Log file: F:/vivado-project/ALU/prj/ALU/vivado.log
# Journal file: F:/vivado-project/ALU/prj/ALU\vivado.jou
#-----------------------------------------------------------
start_gui
open_project F:/vivado-project/ALU/prj/ALU/ALU.xpr
update_compile_order -fileset sources_1
import_files -force -norecurse F:/vivado-project/ALU/rtl/TB.v
export_ip_user_files -of_objects  [get_files F:/vivado-project/ALU/prj/ALU/ALU.srcs/sources_1/imports/rtl/TB.v] -no_script -reset -force -quiet
remove_files  F:/vivado-project/ALU/prj/ALU/ALU.srcs/sources_1/imports/rtl/TB.v
export_ip_user_files -of_objects  [get_files F:/vivado-project/ALU/prj/ALU/ALU.srcs/sources_1/imports/rtl/ALU.v] -no_script -reset -force -quiet
remove_files  F:/vivado-project/ALU/prj/ALU/ALU.srcs/sources_1/imports/rtl/ALU.v
export_ip_user_files -of_objects  [get_files F:/vivado-project/ALU/prj/ALU/ALU.srcs/sources_1/imports/rtl/CLA.v] -no_script -reset -force -quiet
remove_files  F:/vivado-project/ALU/prj/ALU/ALU.srcs/sources_1/imports/rtl/CLA.v
export_ip_user_files -of_objects  [get_files F:/vivado-project/ALU/prj/ALU/ALU.srcs/sources_1/imports/rtl/SUM.v] -no_script -reset -force -quiet
remove_files  F:/vivado-project/ALU/prj/ALU/ALU.srcs/sources_1/imports/rtl/SUM.v
export_ip_user_files -of_objects  [get_files F:/vivado-project/ALU/prj/ALU/ALU.srcs/sources_1/imports/rtl/FA.v] -no_script -reset -force -quiet
remove_files  F:/vivado-project/ALU/prj/ALU/ALU.srcs/sources_1/imports/rtl/FA.v
export_ip_user_files -of_objects  [get_files F:/vivado-project/ALU/prj/ALU/ALU.srcs/sources_1/imports/rtl/mux2to1.v] -no_script -reset -force -quiet
remove_files  F:/vivado-project/ALU/prj/ALU/ALU.srcs/sources_1/imports/rtl/mux2to1.v
export_ip_user_files -of_objects  [get_files F:/vivado-project/ALU/prj/ALU/ALU.srcs/sources_1/imports/rtl/mux4to1.v] -no_script -reset -force -quiet
remove_files  F:/vivado-project/ALU/prj/ALU/ALU.srcs/sources_1/imports/rtl/mux4to1.v
import_files -force -norecurse {F:/vivado-project/ALU/rtl/mux4to1.v F:/vivado-project/ALU/rtl/mux2to1.v F:/vivado-project/ALU/rtl/SUM.v F:/vivado-project/ALU/rtl/TB.v F:/vivado-project/ALU/rtl/ALU.v F:/vivado-project/ALU/rtl/CLA.v}
update_compile_order -fileset sources_1
launch_simulation
launch_runs synth_1 -jobs 16
wait_on_run synth_1
launch_simulation
reset_run synth_1
launch_runs synth_1 -jobs 16
wait_on_run synth_1
