#-----------------------------------------------------------
# Vivado v2019.2 (64-bit)
# SW Build 2708876 on Wed Nov  6 21:40:23 MST 2019
# IP Build 2700528 on Thu Nov  7 00:09:20 MST 2019
# Start of session at: Fri Jun 13 23:13:41 2025
# Process ID: 5084
# Current directory: Y:/Code/Digital_Design_MCU/v11_MCU_MOV_shift/prj/MCU_MOV_shift
# Command line: vivado.exe -gui_launcher_event rodinguilauncherevent9140 Y:\Code\Digital_Design_MCU\v11_MCU_MOV_shift\prj\MCU_MOV_shift\MCU_MOV_shift.xpr
# Log file: Y:/Code/Digital_Design_MCU/v11_MCU_MOV_shift/prj/MCU_MOV_shift/vivado.log
# Journal file: Y:/Code/Digital_Design_MCU/v11_MCU_MOV_shift/prj/MCU_MOV_shift\vivado.jou
#-----------------------------------------------------------
start_gui
open_project Y:/Code/Digital_Design_MCU/v11_MCU_MOV_shift/prj/MCU_MOV_shift/MCU_MOV_shift.xpr
update_compile_order -fileset sources_1
set_property -dict [list CONFIG.coefficient_file {Y:/Code/Digital_Design_MCU/v11_MCU_MOV_shift/sim/memfile.coe}] [get_ips dist_mem_gen_0]
generate_target all [get_files  Y:/Code/Digital_Design_MCU/v11_MCU_MOV_shift/prj/MCU_MOV_shift/MCU_MOV_shift.srcs/sources_1/ip/dist_mem_gen_0/dist_mem_gen_0.xci]
catch { config_ip_cache -export [get_ips -all dist_mem_gen_0] }
export_ip_user_files -of_objects [get_files Y:/Code/Digital_Design_MCU/v11_MCU_MOV_shift/prj/MCU_MOV_shift/MCU_MOV_shift.srcs/sources_1/ip/dist_mem_gen_0/dist_mem_gen_0.xci] -no_script -sync -force -quiet
reset_run dist_mem_gen_0_synth_1
launch_runs -jobs 12 dist_mem_gen_0_synth_1
export_simulation -of_objects [get_files Y:/Code/Digital_Design_MCU/v11_MCU_MOV_shift/prj/MCU_MOV_shift/MCU_MOV_shift.srcs/sources_1/ip/dist_mem_gen_0/dist_mem_gen_0.xci] -directory Y:/Code/Digital_Design_MCU/v11_MCU_MOV_shift/prj/MCU_MOV_shift/MCU_MOV_shift.ip_user_files/sim_scripts -ip_user_files_dir Y:/Code/Digital_Design_MCU/v11_MCU_MOV_shift/prj/MCU_MOV_shift/MCU_MOV_shift.ip_user_files -ipstatic_source_dir Y:/Code/Digital_Design_MCU/v11_MCU_MOV_shift/prj/MCU_MOV_shift/MCU_MOV_shift.ip_user_files/ipstatic -lib_map_path [list {modelsim=E:/modeltech64_2020.4/vivado2019.2_lib} {questa=Y:/Code/Digital_Design_MCU/v11_MCU_MOV_shift/prj/MCU_MOV_shift/MCU_MOV_shift.cache/compile_simlib/questa} {riviera=Y:/Code/Digital_Design_MCU/v11_MCU_MOV_shift/prj/MCU_MOV_shift/MCU_MOV_shift.cache/compile_simlib/riviera} {activehdl=Y:/Code/Digital_Design_MCU/v11_MCU_MOV_shift/prj/MCU_MOV_shift/MCU_MOV_shift.cache/compile_simlib/activehdl}] -use_ip_compiled_libs -force -quiet
reset_simulation
reset_simulation
launch_simulation -install_path E:/modeltech64_2020.4/win64
set_property -dict [list CONFIG.coefficient_file {Y:/Code/Digital_Design_MCU/v11_MCU_MOV_shift/sim/memfile.coe}] [get_ips dist_mem_gen_0]
generate_target all [get_files  Y:/Code/Digital_Design_MCU/v11_MCU_MOV_shift/prj/MCU_MOV_shift/MCU_MOV_shift.srcs/sources_1/ip/dist_mem_gen_0/dist_mem_gen_0.xci]
catch { config_ip_cache -export [get_ips -all dist_mem_gen_0] }
export_ip_user_files -of_objects [get_files Y:/Code/Digital_Design_MCU/v11_MCU_MOV_shift/prj/MCU_MOV_shift/MCU_MOV_shift.srcs/sources_1/ip/dist_mem_gen_0/dist_mem_gen_0.xci] -no_script -sync -force -quiet
reset_run dist_mem_gen_0_synth_1
launch_runs -jobs 12 dist_mem_gen_0_synth_1
export_simulation -of_objects [get_files Y:/Code/Digital_Design_MCU/v11_MCU_MOV_shift/prj/MCU_MOV_shift/MCU_MOV_shift.srcs/sources_1/ip/dist_mem_gen_0/dist_mem_gen_0.xci] -directory Y:/Code/Digital_Design_MCU/v11_MCU_MOV_shift/prj/MCU_MOV_shift/MCU_MOV_shift.ip_user_files/sim_scripts -ip_user_files_dir Y:/Code/Digital_Design_MCU/v11_MCU_MOV_shift/prj/MCU_MOV_shift/MCU_MOV_shift.ip_user_files -ipstatic_source_dir Y:/Code/Digital_Design_MCU/v11_MCU_MOV_shift/prj/MCU_MOV_shift/MCU_MOV_shift.ip_user_files/ipstatic -lib_map_path [list {modelsim=E:/modeltech64_2020.4/vivado2019.2_lib} {questa=Y:/Code/Digital_Design_MCU/v11_MCU_MOV_shift/prj/MCU_MOV_shift/MCU_MOV_shift.cache/compile_simlib/questa} {riviera=Y:/Code/Digital_Design_MCU/v11_MCU_MOV_shift/prj/MCU_MOV_shift/MCU_MOV_shift.cache/compile_simlib/riviera} {activehdl=Y:/Code/Digital_Design_MCU/v11_MCU_MOV_shift/prj/MCU_MOV_shift/MCU_MOV_shift.cache/compile_simlib/activehdl}] -use_ip_compiled_libs -force -quiet
reset_simulation
launch_simulation -install_path E:/modeltech64_2020.4/win64
set_property -dict [list CONFIG.coefficient_file {Y:/Code/Digital_Design_MCU/v11_MCU_MOV_shift/sim/memfile.coe}] [get_ips dist_mem_gen_0]
generate_target all [get_files  Y:/Code/Digital_Design_MCU/v11_MCU_MOV_shift/prj/MCU_MOV_shift/MCU_MOV_shift.srcs/sources_1/ip/dist_mem_gen_0/dist_mem_gen_0.xci]
catch { config_ip_cache -export [get_ips -all dist_mem_gen_0] }
export_ip_user_files -of_objects [get_files Y:/Code/Digital_Design_MCU/v11_MCU_MOV_shift/prj/MCU_MOV_shift/MCU_MOV_shift.srcs/sources_1/ip/dist_mem_gen_0/dist_mem_gen_0.xci] -no_script -sync -force -quiet
reset_run dist_mem_gen_0_synth_1
launch_runs -jobs 12 dist_mem_gen_0_synth_1
export_simulation -of_objects [get_files Y:/Code/Digital_Design_MCU/v11_MCU_MOV_shift/prj/MCU_MOV_shift/MCU_MOV_shift.srcs/sources_1/ip/dist_mem_gen_0/dist_mem_gen_0.xci] -directory Y:/Code/Digital_Design_MCU/v11_MCU_MOV_shift/prj/MCU_MOV_shift/MCU_MOV_shift.ip_user_files/sim_scripts -ip_user_files_dir Y:/Code/Digital_Design_MCU/v11_MCU_MOV_shift/prj/MCU_MOV_shift/MCU_MOV_shift.ip_user_files -ipstatic_source_dir Y:/Code/Digital_Design_MCU/v11_MCU_MOV_shift/prj/MCU_MOV_shift/MCU_MOV_shift.ip_user_files/ipstatic -lib_map_path [list {modelsim=E:/modeltech64_2020.4/vivado2019.2_lib} {questa=Y:/Code/Digital_Design_MCU/v11_MCU_MOV_shift/prj/MCU_MOV_shift/MCU_MOV_shift.cache/compile_simlib/questa} {riviera=Y:/Code/Digital_Design_MCU/v11_MCU_MOV_shift/prj/MCU_MOV_shift/MCU_MOV_shift.cache/compile_simlib/riviera} {activehdl=Y:/Code/Digital_Design_MCU/v11_MCU_MOV_shift/prj/MCU_MOV_shift/MCU_MOV_shift.cache/compile_simlib/activehdl}] -use_ip_compiled_libs -force -quiet
reset_simulation
launch_simulation -install_path E:/modeltech64_2020.4/win64
